#-----------------------------------------------------------
# Vivado v2019.1 (64-bit)
# SW Build 2552052 on Fri May 24 14:49:42 MDT 2019
# IP Build 2548770 on Fri May 24 18:01:18 MDT 2019
# Start of session at: Fri Nov 19 20:27:49 2021
# Process ID: 17704
# Current directory: C:/Users/OAkun/Documents/GitHub/Asynchronous-FIFO/VerilogCode/AsysnchronousFIFO
# Command line: vivado.exe -gui_launcher_event rodinguilauncherevent5600 C:\Users\OAkun\Documents\GitHub\Asynchronous-FIFO\VerilogCode\AsysnchronousFIFO\AsysnchronousFIFO.xpr
# Log file: C:/Users/OAkun/Documents/GitHub/Asynchronous-FIFO/VerilogCode/AsysnchronousFIFO/vivado.log
# Journal file: C:/Users/OAkun/Documents/GitHub/Asynchronous-FIFO/VerilogCode/AsysnchronousFIFO\vivado.jou
#-----------------------------------------------------------
start_gui
open_project C:/Users/OAkun/Documents/GitHub/Asynchronous-FIFO/VerilogCode/AsysnchronousFIFO/AsysnchronousFIFO.xpr
launch_simulation
source AsynchronousFIFOTestbench.tcl
restart
run 10000 ns
close_sim
launch_simulation
source AsynchronousFIFOTestbench.tcl
close_sim
launch_simulation
source AsynchronousFIFOTestbench.tcl
close_sim
launch_simulation
source AsynchronousFIFOTestbench.tcl
restart
run 10000 ns
run 10000 ns
run 10000 ns
run 10000 ns
run 10000 ns
close_sim
launch_simulation
source AsynchronousFIFOTestbench.tcl
restart
run 10000 ns
restart
run 10000 ns
close_sim
launch_simulation
source AsynchronousFIFOTestbench.tcl
restart
run 10000 ns
close_sim
close_project
open_project C:/Users/OAkun/Documents/GitHub/Asynchronous-FIFO/VerilogCode/AsysnchronousFIFO/AsysnchronousFIFO.xpr
launch_simulation
source AsynchronousFIFOTestbench.tcl
restart
run 10000 ns
close_sim
launch_simulation
source AsynchronousFIFOTestbench.tcl
restart
run 10000 ns
run 10000 ns
run 10000 ns
restart
run 10000 ns
restart
run 10000 ns
run 10000 ns
run 10000 ns
run 10000 ns
run 10000 ns
run 10000 ns
run 10000 ns
run 10000 ns
close_sim
launch_simulation
source AsynchronousFIFOTestbench.tcl
restart
run all
close_sim
launch_simulation
source AsynchronousFIFOTestbench.tcl
run 10000 ns
run 10000 ns
run 10000 ns
restart
run all
close_sim
launch_simulation
source AsynchronousFIFOTestbench.tcl
restart
run all
close_sim
launch_simulation
source AsynchronousFIFOTestbench.tcl
restart
run all
close_sim
launch_simulation
source AsynchronousFIFOTestbench.tcl
restart
run all
close_sim
launch_simulation
source AsynchronousFIFOTestbench.tcl
restart
run 10000 ns
close_sim
launch_simulation
source AsynchronousFIFOTestbench.tcl
close_sim
launch_simulation
source AsynchronousFIFOTestbench.tcl
restart
run 10000 ns
close_sim
launch_simulation
source AsynchronousFIFOTestbench.tcl
restart
run 10000 ns
close_sim
launch_simulation
source AsynchronousFIFOTestbench.tcl
close_sim
launch_simulation
source AsynchronousFIFOTestbench.tcl
close_sim
launch_simulation
source AsynchronousFIFOTestbench.tcl
restart
run 1000 ns
restart
run 500 ns
restart
run 500 ns
restart
run 500 ns
add_bp {C:/Users/OAkun/Documents/GitHub/Asynchronous-FIFO/VerilogCode/AsysnchronousFIFO/AsysnchronousFIFO.srcs/sources_1/new/rptr_empty.v} 31
restart
run 500 ns
run 500 ns
run 500 ns
run 500 ns
run 500 ns
run 500 ns
restart
run 500 ns
run 500 ns
run 500 ns
run 500 ns
close_sim
launch_simulation
source AsynchronousFIFOTestbench.tcl
remove_bps -file {C:/Users/OAkun/Documents/GitHub/Asynchronous-FIFO/VerilogCode/AsysnchronousFIFO/AsysnchronousFIFO.srcs/sources_1/new/rptr_empty.v} -line 31
restart
run 500 ns
run 500 ns
restart
run 500 ns
run 500 ns
restart
run 500 ns
run 500 ns
close_sim
launch_simulation
source AsynchronousFIFOTestbench.tcl
close_sim
launch_simulation
source AsynchronousFIFOTestbench.tcl
restart
run 500 ns
close_sim
launch_simulation
source AsynchronousFIFOTestbench.tcl
run 500 ns
restart
close_sim
launch_simulation
source AsynchronousFIFOTestbench.tcl
restart
run 500 ns
run 500 ns
restart
run 500 ns
run 500 ns
restart
run 500 ns
run 500 ns
restart
run 500 ns
run 500 ns
close_sim
launch_simulation
source AsynchronousFIFOTestbench.tcl
restart
run 500 ns
close_sim
launch_simulation
source AsynchronousFIFOTestbench.tcl
close_sim
launch_simulation
source AsynchronousFIFOTestbench.tcl
close_sim
launch_simulation
source AsynchronousFIFOTestbench.tcl
close_sim
launch_simulation
source AsynchronousFIFOTestbench.tcl
close_sim
launch_simulation
source AsynchronousFIFOTestbench.tcl
close_sim
launch_simulation
source AsynchronousFIFOTestbench.tcl
close_sim
launch_simulation
source AsynchronousFIFOTestbench.tcl
