#-----------------------------------------------------------
# Vivado v2019.1 (64-bit)
# SW Build 2552052 on Fri May 24 14:49:42 MDT 2019
# IP Build 2548770 on Fri May 24 18:01:18 MDT 2019
# Start of session at: Sat Jan  8 11:22:19 2022
# Process ID: 9692
# Current directory: C:/Users/OAkun/Documents/GitHub/Asynchronous-FIFO/AsynchronousFIFOSystemVerilog
# Command line: vivado.exe -gui_launcher_event rodinguilauncherevent14020 C:\Users\OAkun\Documents\GitHub\Asynchronous-FIFO\AsynchronousFIFOSystemVerilog\AsynchronousFIFOSystemVerilog.xpr
# Log file: C:/Users/OAkun/Documents/GitHub/Asynchronous-FIFO/AsynchronousFIFOSystemVerilog/vivado.log
# Journal file: C:/Users/OAkun/Documents/GitHub/Asynchronous-FIFO/AsynchronousFIFOSystemVerilog\vivado.jou
#-----------------------------------------------------------
start_gui
open_project C:/Users/OAkun/Documents/GitHub/Asynchronous-FIFO/AsynchronousFIFOSystemVerilog/AsynchronousFIFOSystemVerilog.xpr
update_compile_order -fileset sources_1
update_compile_order -fileset sources_1
update_compile_order -fileset sources_1
update_compile_order -fileset sources_1
